<?xml version="1.0" encoding="UTF-8"?>
<testsuites name="Mocha Tests" time="0.0000" tests="6" failures="0">
  <testsuite name="Root Suite" timestamp="2026-03-12T16:32:01" tests="0" time="0.0000" failures="0">
  </testsuite>
  <testsuite name="Express App" timestamp="2026-03-12T16:32:01" tests="0" file="/home/davey/Desktop/simpleapp/test/app.test.js" time="0.0000" failures="0">
  </testsuite>
  <testsuite name="Basic Setup" timestamp="2026-03-12T16:32:01" tests="3" file="/home/davey/Desktop/simpleapp/test/app.test.js" time="0.0000" failures="0">
    <testcase name="Express App Basic Setup should export the app object" time="0.0000" classname="should export the app object">
    </testcase>
    <testcase name="Express App Basic Setup should have view engine set to ejs" time="0.0000" classname="should have view engine set to ejs">
    </testcase>
    <testcase name="Express App Basic Setup should have views directory configured" time="0.0000" classname="should have views directory configured">
    </testcase>
  </testsuite>
  <testsuite name="Middleware" timestamp="2026-03-12T16:32:01" tests="3" file="/home/davey/Desktop/simpleapp/test/app.test.js" time="0.0000" failures="0">
    <testcase name="Express App Middleware should have JSON parser middleware" time="0.0000" classname="should have JSON parser middleware">
    </testcase>
    <testcase name="Express App Middleware should have URL-encoded parser middleware" time="0.0000" classname="should have URL-encoded parser middleware">
    </testcase>
    <testcase name="Express App Middleware should have cookie parser middleware" time="0.0000" classname="should have cookie parser middleware">
    </testcase>
  </testsuite>
</testsuites>